// Jest Snapshot v1, https://goo.gl/fbAQLP

exports[`<AdminPage /> should render correctly 1`] = `
<div
  className="container"
>
  <SideBar />
  <ProductsQuery />
</div>
`;
