// Jest Snapshot v1, https://goo.gl/fbAQLP

exports[`<Products /> should render correctly 1`] = `null`;
