// Jest Snapshot v1, https://goo.gl/fbAQLP

exports[`<SideBar /> should render correctly 1`] = `
<div
  className="container"
>
  <LinkButton
    path="/admin/products"
  >
    Products
  </LinkButton>
</div>
`;
