// Jest Snapshot v1, https://goo.gl/fbAQLP

exports[`<PageNotFound /> should render correctly 1`] = `
<div>
  404 - page not found
</div>
`;

exports[`<PageNotFound /> should render correctly if pathname = admin 1`] = `null`;
